

================================================================
== Vivado HLS Report for 'executeFirstLayer1_p3'
================================================================
* Date:           Tue May 07 12:08:25 2019

* Version:        2016.4 (Build 1756540 on Mon Jan 23 19:31:01 MST 2017)
* Project:        layer1_con_p3
* Solution:       solution1
* Product family: zynq
* Target device:  xc7z045ffg900-2


================================================================
== Performance Estimates
================================================================
+ Timing (ns): 
    * Summary: 
    +--------+-------+----------+------------+
    |  Clock | Target| Estimated| Uncertainty|
    +--------+-------+----------+------------+
    |ap_clk  |  10.00|      8.75|        1.25|
    +--------+-------+----------+------------+

+ Latency (clock cycles): 
    * Summary: 
    +----------+----------+----------+----------+---------+
    |       Latency       |       Interval      | Pipeline|
    |    min   |    max   |    min   |    max   |   Type  |
    +----------+----------+----------+----------+---------+
    |  13933218|  13933218|  13933219|  13933219|   none  |
    +----------+----------+----------+----------+---------+

    + Detail: 
        * Instance: 
        N/A

        * Loop: 
        +------------------------------------+----------+----------+----------+-----------+-----------+------+----------+
        |                                    |       Latency       | Iteration|  Initiation Interval  | Trip |          |
        |              Loop Name             |    min   |    max   |  Latency |  achieved |   target  | Count| Pipelined|
        +------------------------------------+----------+----------+----------+-----------+-----------+------+----------+
        |- XCL_WG_DIM_Y_XCL_WG_DIM_X         |  13933216|  13933216|     18931|          -|          -|   736|    no    |
        | + XCL_WG_DIM_Y_XCL_WG_DIM_X.1      |     18656|     18656|      1696|          -|          -|    11|    no    |
        |  ++ XCL_WG_DIM_Y_XCL_WG_DIM_X.1.1  |      1694|      1694|       154|          -|          -|    11|    no    |
        +------------------------------------+----------+----------+----------+-----------+-----------+------+----------+



================================================================
== Utilization Estimates
================================================================
* Summary: 
+-----------------+---------+-------+--------+--------+
|       Name      | BRAM_18K| DSP48E|   FF   |   LUT  |
+-----------------+---------+-------+--------+--------+
|DSP              |        -|      1|       -|       -|
|Expression       |        -|      3|       0|     755|
|FIFO             |        -|      -|       -|       -|
|Instance         |        2|      5|    1235|    2031|
|Memory           |        -|      -|       -|       -|
|Multiplexer      |        -|      -|       -|    1582|
|Register         |        -|      -|    1492|       -|
+-----------------+---------+-------+--------+--------+
|Total            |        2|      9|    2727|    4368|
+-----------------+---------+-------+--------+--------+
|Available        |     1090|    900|  437200|  218600|
+-----------------+---------+-------+--------+--------+
|Utilization (%)  |    ~0   |      1|   ~0   |       1|
+-----------------+---------+-------+--------+--------+

+ Detail: 
    * Instance: 
    +---------------------------------------+-------------------------------------+---------+-------+-----+-----+
    |                Instance               |                Module               | BRAM_18K| DSP48E|  FF | LUT |
    +---------------------------------------+-------------------------------------+---------+-------+-----+-----+
    |executeFirstLayer1_p3_control_s_axi_U  |executeFirstLayer1_p3_control_s_axi  |        0|      0|  302|  488|
    |executeFirstLayer1_p3_gmem_m_axi_U     |executeFirstLayer1_p3_gmem_m_axi     |        2|      0|  512|  580|
    |executeFirstLayerbkb_U0                |executeFirstLayerbkb                 |        0|      2|  227|  404|
    |executeFirstLayercud_U1                |executeFirstLayercud                 |        0|      3|  128|  320|
    |executeFirstLayerdEe_U2                |executeFirstLayerdEe                 |        0|      0|   66|  239|
    +---------------------------------------+-------------------------------------+---------+-------+-----+-----+
    |Total                                  |                                     |        2|      5| 1235| 2031|
    +---------------------------------------+-------------------------------------+---------+-------+-----+-----+

    * DSP48: 
    +-------------------------+----------------------+-----------+
    |         Instance        |        Module        | Expression|
    +-------------------------+----------------------+-----------+
    |executeFirstLayereOg_U3  |executeFirstLayereOg  |  i0 * i1  |
    +-------------------------+----------------------+-----------+

    * Memory: 
    N/A

    * FIFO: 
    N/A

    * Expression: 
    +----------------------------------+----------+-------+---+----+------------+------------+
    |           Variable Name          | Operation| DSP48E| FF| LUT| Bitwidth P0| Bitwidth P1|
    +----------------------------------+----------+-------+---+----+------------+------------+
    |tmp_28_mid2_v_fu_490_p2           |     *    |      1|  0|   3|           6|           6|
    |tmp_5_fu_401_p2                   |     *    |      1|  0|   2|          12|          30|
    |tmp_s_fu_396_p2                   |     *    |      1|  0|   2|           9|          30|
    |arg_Layer1_Neurons_G_2_fu_727_p2  |     +    |      0|  0|  31|          31|          31|
    |arg_Layer1_Neurons_G_4_fu_769_p2  |     +    |      0|  0|  31|          31|          31|
    |arg_Layer1_Neurons_G_fu_681_p2    |     +    |      0|  0|  31|          31|          31|
    |arg_Layer1_Weights_G_2_fu_751_p2  |     +    |      0|  0|  31|          31|          31|
    |arg_Layer1_Weights_G_4_fu_797_p2  |     +    |      0|  0|  31|          31|          31|
    |arg_Layer1_Weights_G_fu_705_p2    |     +    |      0|  0|  31|          31|          31|
    |arg_Layer2_Neurons_G_fu_607_p2    |     +    |      0|  0|  31|          31|          31|
    |arg_bias_i_0_sum_fu_380_p2        |     +    |      0|  0|  31|          31|          31|
    |indvar_flatten_next_fu_412_p2     |     +    |      0|  0|  10|          10|           1|
    |indvar_inc60_reg2mem_fu_452_p2    |     +    |      0|  0|   6|           6|           1|
    |indvar_inc_reg2mem_fu_612_p2      |     +    |      0|  0|   5|           1|           5|
    |next_mul3_fu_557_p2               |     +    |      0|  0|   7|           7|           4|
    |next_mul_fu_563_p2                |     +    |      0|  0|  13|          13|          10|
    |p_reg2mem5_0_i_i_fu_575_p2        |     +    |      0|  0|   4|           4|           1|
    |p_reg2mem7_0_i_i_fu_635_p2        |     +    |      0|  0|   4|           4|           1|
    |row_0_reg2mem_0_i_i_s_fu_432_p2   |     +    |      0|  0|   6|           6|           6|
    |tmp1_fu_663_p2                    |     +    |      0|  0|  14|          14|          14|
    |tmp2_fu_686_p2                    |     +    |      0|  0|   7|           7|           7|
    |tmp3_fu_541_p2                    |     +    |      0|  0|  20|          20|          20|
    |tmp5_fu_774_p2                    |     +    |      0|  0|   5|           5|           5|
    |tmp6_fu_732_p2                    |     +    |      0|  0|   8|           8|           7|
    |tmp7_fu_547_p2                    |     +    |      0|  0|  20|          20|          20|
    |tmp_14_cast_fu_598_p2             |     +    |      0|  0|  15|          30|          30|
    |tmp_14_fu_593_p2                  |     +    |      0|  0|  15|          30|          30|
    |tmp_17_fu_585_p2                  |     +    |      0|  0|  30|          30|          30|
    |tmp_19_fu_672_p2                  |     +    |      0|  0|  18|          18|          18|
    |tmp_24_cast_fu_696_p2             |     +    |      0|  0|  30|          30|          30|
    |tmp_24_fu_714_p2                  |     +    |      0|  0|  20|          20|          20|
    |tmp_30_fu_756_p2                  |     +    |      0|  0|  20|          20|          20|
    |tmp_33_cast_fu_742_p2             |     +    |      0|  0|  30|          30|          30|
    |tmp_43_cast_fu_788_p2             |     +    |      0|  0|  30|          30|          30|
    |tmp_fu_536_p2                     |     +    |      0|  0|  18|          18|          18|
    |p_reg2mem27_0_i_i_fu_522_p2       |     -    |      0|  0|  10|          10|          10|
    |tmp_18_fu_653_p2                  |     -    |      0|  0|   7|           7|           7|
    |tmp_12_fu_933_p2                  |    and   |      0|  0|   1|           1|           1|
    |exitcond5_fu_569_p2               |   icmp   |      0|  0|   2|           4|           4|
    |exitcond_flatten_fu_406_p2        |   icmp   |      0|  0|   4|          10|          10|
    |exitcond_fu_629_p2                |   icmp   |      0|  0|   2|           4|           4|
    |notlhs_fu_915_p2                  |   icmp   |      0|  0|   3|           8|           2|
    |notrhs_fu_921_p2                  |   icmp   |      0|  0|   8|          23|           1|
    |tmp_9_fu_418_p2                   |   icmp   |      0|  0|   2|           5|           5|
    |tmp_10_fu_927_p2                  |    or    |      0|  0|   1|           1|           1|
    |tmp_1_cast_mid2_v_fu_478_p2       |    or    |      0|  0|  23|          18|           2|
    |tmp_cast_mid2_v_fu_469_p2         |    or    |      0|  0|  23|          18|           1|
    |indvar59_reg2mem71_0_1_fu_458_p3  |  select  |      0|  0|   6|           1|           6|
    |indvar_reg2mem69_0_i_1_fu_424_p3  |  select  |      0|  0|   5|           1|           1|
    |p_reg2mem31_0_i_i_mid_fu_444_p3   |  select  |      0|  0|   6|           1|           6|
    |val_i_i_fu_949_p3                 |  select  |      0|  0|  32|           1|           1|
    |row_0_reg2mem_0_i_i5_fu_438_p2    |    xor   |      0|  0|  10|           6|           7|
    +----------------------------------+----------+-------+---+----+------------+------------+
    |Total                             |          |      3|  0| 755|         775|         741|
    +----------------------------------+----------+-------+---+----+------------+------------+

    * Multiplexer: 
    +-------------------------------+------+-----------+-----+-----------+
    |              Name             |  LUT | Input Size| Bits| Total Bits|
    +-------------------------------+------+-----------+-----+-----------+
    |ap_NS_fsm                      |  1269|        432|    1|        432|
    |ap_sig_ioackin_gmem_ARREADY    |     1|          2|    1|          2|
    |ap_sig_ioackin_gmem_AWREADY    |     1|          2|    1|          2|
    |ap_sig_ioackin_gmem_WREADY     |     1|          2|    1|          2|
    |gmem_ARADDR                    |    64|          8|   32|        256|
    |gmem_blk_n_AR                  |     1|          2|    1|          2|
    |gmem_blk_n_AW                  |     1|          2|    1|          2|
    |gmem_blk_n_B                   |     1|          2|    1|          2|
    |gmem_blk_n_R                   |     1|          2|    1|          2|
    |gmem_blk_n_W                   |     1|          2|    1|          2|
    |grp_fu_291_p0                  |    32|          5|   32|        160|
    |grp_fu_291_p1                  |    32|          5|   32|        160|
    |grp_fu_297_p0                  |    32|          4|   32|        128|
    |grp_fu_297_p1                  |    32|          4|   32|        128|
    |i_0_reg2mem47_0_i_i_reg_222    |     4|          2|    4|          8|
    |indvar59_reg2mem71_reg_200     |     6|          2|    6|         12|
    |indvar_flatten_reg_189         |    10|          2|   10|         20|
    |indvar_reg2mem69_0_i_reg_211   |     5|          2|    5|         10|
    |j_0_reg2mem43_0_i_i_reg_268    |     4|          2|    4|          8|
    |phi_mul2_reg_256               |     7|          2|    7|         14|
    |phi_mul_reg_245                |    13|          2|   13|         26|
    |product_0_reg2mem49_s_reg_233  |    32|          2|   32|         64|
    |product_1_reg2mem45_s_reg_279  |    32|          2|   32|         64|
    +-------------------------------+------+-----------+-----+-----------+
    |Total                          |  1582|        492|  282|       1506|
    +-------------------------------+------+-----------+-----+-----------+

    * Register: 
    +---------------------------------+-----+----+-----+-----------+
    |               Name              |  FF | LUT| Bits| Const Bits|
    +---------------------------------+-----+----+-----+-----------+
    |ap_CS_fsm                        |  431|   0|  431|          0|
    |ap_reg_ioackin_gmem_ARREADY      |    1|   0|    1|          0|
    |ap_reg_ioackin_gmem_AWREADY      |    1|   0|    1|          0|
    |ap_reg_ioackin_gmem_WREADY       |    1|   0|    1|          0|
    |arg_Layer1_Neurons_G_2_reg_1133  |   31|   0|   31|          0|
    |arg_Layer1_Neurons_G_4_reg_1143  |   31|   0|   31|          0|
    |arg_Layer1_Neurons_G_reg_1123    |   31|   0|   31|          0|
    |arg_Layer1_Weights_G_2_reg_1138  |   31|   0|   31|          0|
    |arg_Layer1_Weights_G_4_reg_1148  |   31|   0|   31|          0|
    |arg_Layer1_Weights_G_reg_1128    |   31|   0|   31|          0|
    |arg_Layer2_Neurons_G_reg_1105    |   31|   0|   31|          0|
    |gmem_addr_reg_1012               |   31|   0|   32|          1|
    |i_0_reg2mem47_0_i_i_reg_222      |    4|   0|    4|          0|
    |indvar59_reg2mem71_0_1_reg_1051  |    6|   0|    6|          0|
    |indvar59_reg2mem71_reg_200       |    6|   0|    6|          0|
    |indvar_flatten_next_reg_1032     |   10|   0|   10|          0|
    |indvar_flatten_reg_189           |   10|   0|   10|          0|
    |indvar_inc_reg2mem_reg_1110      |    5|   0|    5|          0|
    |indvar_reg2mem69_0_i_1_reg_1037  |    5|   0|    5|          0|
    |indvar_reg2mem69_0_i_reg_211     |    5|   0|    5|          0|
    |j_0_reg2mem43_0_i_i_reg_268      |    4|   0|    4|          0|
    |next_mul3_reg_1081               |    7|   0|    7|          0|
    |next_mul_reg_1086                |   13|   0|   13|          0|
    |p_reg2mem31_0_i_i_mid_reg_1045   |    6|   0|    6|          0|
    |p_reg2mem5_0_i_i_reg_1094        |    4|   0|    4|          0|
    |p_reg2mem7_0_i_i_reg_1118        |    4|   0|    4|          0|
    |phi_mul2_reg_256                 |    7|   0|    7|          0|
    |phi_mul_cast_reg_1076            |   13|   0|   14|          1|
    |phi_mul_reg_245                  |   13|   0|   13|          0|
    |product_0_reg2mem49_s_reg_233    |   32|   0|   32|          0|
    |product_1_reg2mem45_s_reg_279    |   32|   0|   32|          0|
    |reg_306                          |   32|   0|   32|          0|
    |reg_310                          |   32|   0|   32|          0|
    |reg_314                          |   32|   0|   32|          0|
    |tmp3_reg_1066                    |   19|   0|   20|          1|
    |tmp7_reg_1071                    |   20|   0|   20|          0|
    |tmp_17_reg_1099                  |   30|   0|   30|          0|
    |tmp_1_reg_973                    |   30|   0|   30|          0|
    |tmp_23_reg_1199                  |   32|   0|   32|          0|
    |tmp_28_mid2_reg_1056             |   13|   0|   30|         17|
    |tmp_28_reg_1214                  |   32|   0|   32|          0|
    |tmp_2_reg_978                    |   30|   0|   30|          0|
    |tmp_34_reg_1229                  |   32|   0|   32|          0|
    |tmp_3_cast_reg_993               |   30|   0|   31|          1|
    |tmp_3_reg_983                    |   30|   0|   30|          0|
    |tmp_4_cast_reg_1000              |   30|   0|   31|          1|
    |tmp_4_reg_988                    |   30|   0|   30|          0|
    |tmp_5_cast_reg_1007              |   30|   0|   31|          1|
    |tmp_5_reg_1024                   |   30|   0|   30|          0|
    |tmp_6_reg_966                    |   30|   0|   30|          0|
    |tmp_reg_1061                     |   18|   0|   18|          0|
    |tmp_s_reg_1018                   |   30|   0|   30|          0|
    |val_i_i_reg_1249                 |   32|   0|   32|          0|
    +---------------------------------+-----+----+-----+-----------+
    |Total                            | 1492|   0| 1515|         23|
    +---------------------------------+-----+----+-----+-----------+



================================================================
== Interface
================================================================
* Summary: 
+-----------------------+-----+-----+------------+-----------------------+--------------+
|       RTL Ports       | Dir | Bits|  Protocol  |     Source Object     |    C Type    |
+-----------------------+-----+-----+------------+-----------------------+--------------+
|s_axi_control_AWVALID  |  in |    1|    s_axi   |        control        |    pointer   |
|s_axi_control_AWREADY  | out |    1|    s_axi   |        control        |    pointer   |
|s_axi_control_AWADDR   |  in |    7|    s_axi   |        control        |    pointer   |
|s_axi_control_WVALID   |  in |    1|    s_axi   |        control        |    pointer   |
|s_axi_control_WREADY   | out |    1|    s_axi   |        control        |    pointer   |
|s_axi_control_WDATA    |  in |   32|    s_axi   |        control        |    pointer   |
|s_axi_control_WSTRB    |  in |    4|    s_axi   |        control        |    pointer   |
|s_axi_control_ARVALID  |  in |    1|    s_axi   |        control        |    pointer   |
|s_axi_control_ARREADY  | out |    1|    s_axi   |        control        |    pointer   |
|s_axi_control_ARADDR   |  in |    7|    s_axi   |        control        |    pointer   |
|s_axi_control_RVALID   | out |    1|    s_axi   |        control        |    pointer   |
|s_axi_control_RREADY   |  in |    1|    s_axi   |        control        |    pointer   |
|s_axi_control_RDATA    | out |   32|    s_axi   |        control        |    pointer   |
|s_axi_control_RRESP    | out |    2|    s_axi   |        control        |    pointer   |
|s_axi_control_BVALID   | out |    1|    s_axi   |        control        |    pointer   |
|s_axi_control_BREADY   |  in |    1|    s_axi   |        control        |    pointer   |
|s_axi_control_BRESP    | out |    2|    s_axi   |        control        |    pointer   |
|ap_clk                 |  in |    1| ap_ctrl_hs | executeFirstLayer1_p3 | return value |
|ap_rst_n               |  in |    1| ap_ctrl_hs | executeFirstLayer1_p3 | return value |
|interrupt              | out |    1| ap_ctrl_hs | executeFirstLayer1_p3 | return value |
|m_axi_gmem_AWVALID     | out |    1|    m_axi   |          gmem         |    pointer   |
|m_axi_gmem_AWREADY     |  in |    1|    m_axi   |          gmem         |    pointer   |
|m_axi_gmem_AWADDR      | out |   32|    m_axi   |          gmem         |    pointer   |
|m_axi_gmem_AWID        | out |    1|    m_axi   |          gmem         |    pointer   |
|m_axi_gmem_AWLEN       | out |    8|    m_axi   |          gmem         |    pointer   |
|m_axi_gmem_AWSIZE      | out |    3|    m_axi   |          gmem         |    pointer   |
|m_axi_gmem_AWBURST     | out |    2|    m_axi   |          gmem         |    pointer   |
|m_axi_gmem_AWLOCK      | out |    2|    m_axi   |          gmem         |    pointer   |
|m_axi_gmem_AWCACHE     | out |    4|    m_axi   |          gmem         |    pointer   |
|m_axi_gmem_AWPROT      | out |    3|    m_axi   |          gmem         |    pointer   |
|m_axi_gmem_AWQOS       | out |    4|    m_axi   |          gmem         |    pointer   |
|m_axi_gmem_AWREGION    | out |    4|    m_axi   |          gmem         |    pointer   |
|m_axi_gmem_AWUSER      | out |    1|    m_axi   |          gmem         |    pointer   |
|m_axi_gmem_WVALID      | out |    1|    m_axi   |          gmem         |    pointer   |
|m_axi_gmem_WREADY      |  in |    1|    m_axi   |          gmem         |    pointer   |
|m_axi_gmem_WDATA       | out |   32|    m_axi   |          gmem         |    pointer   |
|m_axi_gmem_WSTRB       | out |    4|    m_axi   |          gmem         |    pointer   |
|m_axi_gmem_WLAST       | out |    1|    m_axi   |          gmem         |    pointer   |
|m_axi_gmem_WID         | out |    1|    m_axi   |          gmem         |    pointer   |
|m_axi_gmem_WUSER       | out |    1|    m_axi   |          gmem         |    pointer   |
|m_axi_gmem_ARVALID     | out |    1|    m_axi   |          gmem         |    pointer   |
|m_axi_gmem_ARREADY     |  in |    1|    m_axi   |          gmem         |    pointer   |
|m_axi_gmem_ARADDR      | out |   32|    m_axi   |          gmem         |    pointer   |
|m_axi_gmem_ARID        | out |    1|    m_axi   |          gmem         |    pointer   |
|m_axi_gmem_ARLEN       | out |    8|    m_axi   |          gmem         |    pointer   |
|m_axi_gmem_ARSIZE      | out |    3|    m_axi   |          gmem         |    pointer   |
|m_axi_gmem_ARBURST     | out |    2|    m_axi   |          gmem         |    pointer   |
|m_axi_gmem_ARLOCK      | out |    2|    m_axi   |          gmem         |    pointer   |
|m_axi_gmem_ARCACHE     | out |    4|    m_axi   |          gmem         |    pointer   |
|m_axi_gmem_ARPROT      | out |    3|    m_axi   |          gmem         |    pointer   |
|m_axi_gmem_ARQOS       | out |    4|    m_axi   |          gmem         |    pointer   |
|m_axi_gmem_ARREGION    | out |    4|    m_axi   |          gmem         |    pointer   |
|m_axi_gmem_ARUSER      | out |    1|    m_axi   |          gmem         |    pointer   |
|m_axi_gmem_RVALID      |  in |    1|    m_axi   |          gmem         |    pointer   |
|m_axi_gmem_RREADY      | out |    1|    m_axi   |          gmem         |    pointer   |
|m_axi_gmem_RDATA       |  in |   32|    m_axi   |          gmem         |    pointer   |
|m_axi_gmem_RLAST       |  in |    1|    m_axi   |          gmem         |    pointer   |
|m_axi_gmem_RID         |  in |    1|    m_axi   |          gmem         |    pointer   |
|m_axi_gmem_RUSER       |  in |    1|    m_axi   |          gmem         |    pointer   |
|m_axi_gmem_RRESP       |  in |    2|    m_axi   |          gmem         |    pointer   |
|m_axi_gmem_BVALID      |  in |    1|    m_axi   |          gmem         |    pointer   |
|m_axi_gmem_BREADY      | out |    1|    m_axi   |          gmem         |    pointer   |
|m_axi_gmem_BRESP       |  in |    2|    m_axi   |          gmem         |    pointer   |
|m_axi_gmem_BID         |  in |    1|    m_axi   |          gmem         |    pointer   |
|m_axi_gmem_BUSER       |  in |    1|    m_axi   |          gmem         |    pointer   |
+-----------------------+-----+-----+------------+-----------------------+--------------+

